[    1088ms] [ERROR] Failed to load resource: the server responded with a status of 404 (Not Found) @ http://localhost:8000/api/v1/api/v1/outlets:0
[    1089ms] [ERROR] Failed to load menu AxiosError: Request failed with status code 404
    at Eb (http://localhost:5173/assets/index-R2ElYIgM.js:338:1085)
    at XMLHttpRequest.x (http://localhost:5173/assets/index-R2ElYIgM.js:338:6046) @ http://localhost:5173/assets/index-R2ElYIgM.js:343
[  157365ms] [ERROR] Failed to load resource: the server responded with a status of 404 (Not Found) @ http://localhost:8000/api/v1/api/v1/orders/:0
[  157365ms] [ERROR] Failed to load dashboard data AxiosError: Request failed with status code 404
    at Eb (http://localhost:5173/assets/index-R2ElYIgM.js:338:1085)
    at XMLHttpRequest.x (http://localhost:5173/assets/index-R2ElYIgM.js:338:6046)
    at qr.request (http://localhost:5173/assets/index-R2ElYIgM.js:340:2085)
    at async Promise.all (index 0)
    at async http://localhost:5173/assets/index-R2ElYIgM.js:344:58560 @ http://localhost:5173/assets/index-R2ElYIgM.js:343
[  157366ms] [ERROR] Failed to load resource: the server responded with a status of 404 (Not Found) @ http://localhost:8000/api/v1/api/v1/bookings/:0
[  162537ms] [ERROR] Failed to load resource: the server responded with a status of 404 (Not Found) @ http://localhost:8000/api/v1/api/v1/outlets:0
[  162538ms] [ERROR] Failed to load menu AxiosError: Request failed with status code 404
    at Eb (http://localhost:5173/assets/index-R2ElYIgM.js:338:1085)
    at XMLHttpRequest.x (http://localhost:5173/assets/index-R2ElYIgM.js:338:6046) @ http://localhost:5173/assets/index-R2ElYIgM.js:343
[  165636ms] [ERROR] Failed to load resource: the server responded with a status of 404 (Not Found) @ http://localhost:8000/api/v1/api/v1/room-types/:0
[  165637ms] [ERROR] Failed to load rooms AxiosError: Request failed with status code 404
    at Eb (http://localhost:5173/assets/index-R2ElYIgM.js:338:1085)
    at XMLHttpRequest.x (http://localhost:5173/assets/index-R2ElYIgM.js:338:6046) @ http://localhost:5173/assets/index-R2ElYIgM.js:351
[  166686ms] [ERROR] Failed to load resource: the server responded with a status of 404 (Not Found) @ http://localhost:8000/api/v1/api/v1/outlets:0
[  166687ms] [ERROR] Failed to load menu AxiosError: Request failed with status code 404
    at Eb (http://localhost:5173/assets/index-R2ElYIgM.js:338:1085)
    at XMLHttpRequest.x (http://localhost:5173/assets/index-R2ElYIgM.js:338:6046) @ http://localhost:5173/assets/index-R2ElYIgM.js:351
